[kargosoft-com-tr.webflow.io/index.html]
[backblue.gif]
[fade.gif]
[index.html]
[kargosoft-com-tr.webflow.io/index.html]
[kargosoft-com-tr.webflow.io/contact-us]
[kargosoft-com-tr.webflow.io/about-us]
[kargosoft-com-tr.webflow.io/blog]
[kargosoft-com-tr.webflow.io/integrations]
[kargosoft-com-tr.webflow.io/feature/advanced-analytic]
[kargosoft-com-tr.webflow.io/feature/optimized-for-performance]
[kargosoft-com-tr.webflow.io/feature/built-to-scale]
[kargosoft-com-tr.webflow.io/feature/cost-effective]
[kargosoft-com-tr.webflow.io/feature/powerful-automation]
[kargosoft-com-tr.webflow.io/feature/data-on-the-go]
[kargosoft-com-tr.webflow.io/integration/sms]
[kargosoft-com-tr.webflow.io/integration/e-waybill]
[kargosoft-com-tr.webflow.io/integration/e-invoice]
[kargosoft-com-tr.webflow.io/integration/e-archive]
[kargosoft-com-tr.webflow.io/post/logistics-software-helps-you]
[kargosoft-com-tr.webflow.io/post/logistics-software-is-tool]
[kargosoft-com-tr.webflow.io/post/logistics-software-helps-you-to-organize]
[kargosoft-com-tr.webflow.io/agb]
[kargosoft-com-tr.webflow.io/impressum]
[kargosoft-com-tr.webflow.io/privacy-policy]
[kargosoft-com-tr.webflow.io/terms-and-conditions]
